src/components/general-components/LayoutWrap.tsx(6,20): error TS1261: Already included file name 'C:/Users/Alden Olmedo/Documents/VSCode/plate-mate/src/components/general-components/header.tsx' differs from file name 'C:/Users/Alden Olmedo/Documents/VSCode/plate-mate/src/components/general-components/Header.tsx' only in casing.
  The file is in the program because:
    Imported via "@/components/general-components/header" from file 'C:/Users/Alden Olmedo/Documents/VSCode/plate-mate/src/components/general-components/LayoutWrap.tsx'
    Matched by include pattern '**/*.tsx' in 'C:/Users/Alden Olmedo/Documents/VSCode/plate-mate/tsconfig.json'
